INFO:     Will watch for changes in these directories: ['C:\\Users\\Suli\\Desktop\\mavris']
INFO:     Uvicorn running on http://127.0.0.1:8000 (Press CTRL+C to quit)
INFO:     Started reloader process [36788] using WatchFiles
INFO:     Started server process [46896]
INFO:     Waiting for application startup.
INFO:     Application startup complete.
Failed to store perception observation evt_a94cac69f7314426bf1d7be979733364
Traceback (most recent call last):
  File "C:\Users\Suli\Desktop\mavris\backend\app\perception\environment_stream.py", line 348, in _store_observation
    store_observation(event)
  File "C:\Users\Suli\Desktop\mavris\backend\app\perception\storage.py", line 97, in store_observation
    db.insert_perception_observation(body)
  File "C:\Users\Suli\Desktop\mavris\backend\app\core\db.py", line 796, in insert_perception_observation
    conn.execute(
sqlite3.OperationalError: database is locked
Failed to publish event environment.event to AgentBus
Traceback (most recent call last):
  File "C:\Users\Suli\Desktop\mavris\backend\app\orchestration\dispatcher.py", line 126, in dispatch
    self._bus.publish_text(
  File "C:\Users\Suli\Desktop\mavris\backend\app\orchestration\agent_bus.py", line 133, in publish_text
    return self.publish(
           ^^^^^^^^^^^^^
  File "C:\Users\Suli\Desktop\mavris\backend\app\orchestration\agent_bus.py", line 27, in publish
    db.upsert_model("agent_messages", message)
  File "C:\Users\Suli\Desktop\mavris\backend\app\core\db.py", line 464, in upsert_model
    conn.execute(
sqlite3.OperationalError: database is locked
FO:     connection closed
INFO:     127.0.0.1:50581 - "WebSocket /api/ws/notifications" 403
INFO:     connection closed
INFO:     127.0.0.1:61150 - "WebSocket /ws/notifications" [accepted]
INFO:     connection open
INFO:     127.0.0.1:61152 - "WebSocket /ws/browser-host" 403
INFO:     127.0.0.1:61151 - "WebSocket /ws/tasks/task_1968b17829384d238a65ab72e69f869e" [accepted]
INFO:     127.0.0.1:61153 - "WebSocket /ws/runs/run_39ff74ad810443488bdd838577f382be" [accepted]
INFO:     127.0.0.1:61154 - "WebSocket /ws/mobile/approvals" [accepted]
INFO:     connection rejected (403 Forbidden)
INFO:     connection open
INFO:     connection open
INFO:     connection open
INFO:     127.0.0.1:61155 - "WebSocket /ws/mobile/notifications" [accepted]
INFO:     connection open
INFO:     connection closed
INFO:     connection closed
INFO:     connection closed
INFO:     connection closed
INFO:     connection closed
INFO:     connection closed
INFO:     127.0.0.1:61279 - "WebSocket /api/ws/browser-host" [accepted]
INFO:     connection open
INFO:     connection closed
INFO:     127.0.0.1:61280 - "WebSocket /ws/browser-host" 403
INFO:     connection rejected (403 Forbidden)
INFO:     connection closed
